getwd()
[1] "/Users/Brahmbha/Desktop"
> setwd("~/Google Drive/P/Programming/The Analytics Edge (EDx)/Unit 1 ")
> USDA <- read.csv("USDA.csv")
> str(USDA)
'data.frame':	7058 obs. of  16 variables:
 $ ID          : int  1001 1002 1003 1004 1005 1006 1007 1008 1009 1010 ...
 $ Description : Factor w/ 7054 levels "ABALONE,MIXED SPECIES,RAW",..: 1303 1302 1298 2303 2304 2305 2306 2307 2308 2309 ...
 $ Calories    : int  717 717 876 353 371 334 300 376 403 387 ...
 $ Protein     : num  0.85 0.85 0.28 21.4 23.24 ...
 $ TotalFat    : num  81.1 81.1 99.5 28.7 29.7 ...
 $ Carbohydrate: num  0.06 0.06 0 2.34 2.79 0.45 0.46 3.06 1.28 4.78 ...
 $ Sodium      : int  714 827 2 1395 560 629 842 690 621 700 ...
 $ SaturatedFat: num  51.4 50.5 61.9 18.7 18.8 ...
 $ Cholesterol : int  215 219 256 75 94 100 72 93 105 103 ...
 $ Sugar       : num  0.06 0.06 0 0.5 0.51 0.45 0.46 NA 0.52 NA ...
 $ Calcium     : int  24 24 4 528 674 184 388 673 721 643 ...
 $ Iron        : num  0.02 0.16 0 0.31 0.43 0.5 0.33 0.64 0.68 0.21 ...
 $ Potassium   : int  24 26 5 256 136 152 187 93 98 95 ...
 $ VitaminC    : num  0 0 0 0 0 0 0 0 0 0 ...
 $ VitaminE    : num  2.32 2.32 2.8 0.25 0.26 0.24 0.21 NA 0.29 NA ...
 $ VitaminD    : num  1.5 1.5 1.8 0.5 0.5 0.5 0.4 NA 0.6 NA ...
> summary(USDA)
       ID                                                              Description  
 Min.   : 1001   BEEF,CHUCK,UNDER BLADE CNTR STEAK,BNLESS,DENVER CUT,LN,0" FA:   2  
 1st Qu.: 8387   CAMPBELL,CAMPBELL'S SEL MICROWAVEABLE BOWLS,HEA             :   2  
 Median :13294   OIL,INDUSTRIAL,PALM KERNEL (HYDROGENATED),CONFECTION FAT    :   2  
 Mean   :14260   POPCORN,OIL-POPPED,LOFAT                                    :   2  
 3rd Qu.:18337   ABALONE,MIXED SPECIES,RAW                                   :   1  
 Max.   :93600   ABALONE,MXD SP,CKD,FRIED                                    :   1  
                 (Other)                                                     :7048  
    Calories        Protein         TotalFat       Carbohydrate        Sodium       
 Min.   :  0.0   Min.   : 0.00   Min.   :  0.00   Min.   :  0.00   Min.   :    0.0  
 1st Qu.: 85.0   1st Qu.: 2.29   1st Qu.:  0.72   1st Qu.:  0.00   1st Qu.:   37.0  
 Median :181.0   Median : 8.20   Median :  4.37   Median :  7.13   Median :   79.0  
 Mean   :219.7   Mean   :11.71   Mean   : 10.32   Mean   : 20.70   Mean   :  322.1  
 3rd Qu.:331.0   3rd Qu.:20.43   3rd Qu.: 12.70   3rd Qu.: 28.17   3rd Qu.:  386.0  
 Max.   :902.0   Max.   :88.32   Max.   :100.00   Max.   :100.00   Max.   :38758.0  
 NA's   :1       NA's   :1       NA's   :1        NA's   :1        NA's   :84       
  SaturatedFat     Cholesterol          Sugar           Calcium             Iron        
 Min.   : 0.000   Min.   :   0.00   Min.   : 0.000   Min.   :   0.00   Min.   :  0.000  
 1st Qu.: 0.172   1st Qu.:   0.00   1st Qu.: 0.000   1st Qu.:   9.00   1st Qu.:  0.520  
 Median : 1.256   Median :   3.00   Median : 1.395   Median :  19.00   Median :  1.330  
 Mean   : 3.452   Mean   :  41.55   Mean   : 8.257   Mean   :  73.53   Mean   :  2.828  
 3rd Qu.: 4.028   3rd Qu.:  69.00   3rd Qu.: 7.875   3rd Qu.:  56.00   3rd Qu.:  2.620  
 Max.   :95.600   Max.   :3100.00   Max.   :99.800   Max.   :7364.00   Max.   :123.600  
 NA's   :301      NA's   :288       NA's   :1910     NA's   :136       NA's   :123      
   Potassium          VitaminC           VitaminE          VitaminD       
 Min.   :    0.0   Min.   :   0.000   Min.   :  0.000   Min.   :  0.0000  
 1st Qu.:  135.0   1st Qu.:   0.000   1st Qu.:  0.120   1st Qu.:  0.0000  
 Median :  250.0   Median :   0.000   Median :  0.270   Median :  0.0000  
 Mean   :  301.4   Mean   :   9.436   Mean   :  1.488   Mean   :  0.5769  
 3rd Qu.:  348.0   3rd Qu.:   3.100   3rd Qu.:  0.710   3rd Qu.:  0.1000  
 Max.   :16500.0   Max.   :2400.000   Max.   :149.400   Max.   :250.0000  
 NA's   :409       NA's   :332        NA's   :2720      NA's   :2834      
> USDA$Sodium
   [1]   714   827     2  1395   560   629   842   690   621   700   604   364   344   330
  [15]   330   406   321   965  1116   800   600   819   336   800   536   627   415   619
  [29]   652   628   334  1529  1602   534   876    84   125  1200  1809   192   753  1671
  [43]  1428  1370   966  1284  1552  1625    41    40    34    38     8    89    80    54
  [57]    48    57    57    79    79   181   122    66    62    25   102    78    43    49
  [71]    47    52    59    44    52    58    42    53    59   105     3   371   535   549
  [85]  2280   517   127   106   115    60    66    61    44    50    17    52    44   111
  [99]    95    48   968    54  1079    46    70    77    66    53    58    65   142   166
 [113]    48    67    67   207   124   155   297   145   523   548  1156  1238   135   146
 [127]   138   141   151   800    11  1696    42    59   106   535   549   346   515   368
 [141]  3780   685   132   493  1131   655   617   612    21   133   158  1280    47    44
 [155]    70    71   141   725    59  1150   702   135  1638  1705  1298  1499  1586    59
 [169]    72    52    45    55    45   100    72    66    58  1529    80   196   876   776
 [183]   576    43   371   106  1587    53    58    58    58    66    59   135   329   250
 [197]   129   199  1808   751   704   105    66    81    61    68   129   162    94   146
 [211]   164   110    92    92   696  1272  1671  1284  3663    77    16    76    23    17
 [225]    18   160    83  1640    10   277   211    35   168    52    20   208    88    67
 [239]    60    27    80    77    13    16    73    25    68   452    20    30     5    26
 [253]    27    52    50   148    11    24    62    55    38     4    61  1135 38758     5
 [267]     9     9     4     3     2  2964   314    26    31    30   344     8    23  8068
 [281]    14   227   260    52   173    36    36    25     0     0   633   750   788  1133
 [295]  1000   863   711   838  1074   868   955   568   568   497   504   353  1000     0
 [309]     0     0     0     0     0     0     2     0     0     0   943  1018   836   589
 [323]   658   734     1     0    30    30    30    30   658   853     0     0     0     0
 [337]     0     0     0     0     0     0     0     0     0     0     0     0     0     0
 [351]     0  1041     0     0     0     0     0     0     0     0     0     0     0     0
 [365]     0     0     0     0     0     0     0     0     0     0     0     0   633     0
 [379]     0     0     0     0     0     0     0     0     0   786   450    36   545   150
 [393]   751   657   785   615   700     4     2    28     2   833   590   630   654   700
 [407]   646   580   733     0   788  1129   897  1094  1120   673     0     0     0     0
 [421]     0     0     0     0     0     0     0     0   864     6     6     6     5     6
 [435]     7     6     6     0   879     0     0   886     0     0   646   580   755   829
 [449]   729     0    59   536   714     0   900   670  1102   848   589   751   657   785
 [463]   785   785     2     2     0     0     0     0     0   650   788  1265  1004     6
 [477]    70   284    86    79    66    70   292    84    82    67    77    91    86    70
 [491]    63   581    53    65    56    77   113    67    69    56    74    48    71    76
 [505]    65   287    77    75    63    73   295    89    87    70    68    81    77    65
 [519]    85    97    93    74    32    64   317    90    87    64    82    99    96    67
 [533]    63   275    76    71    62   116    79    74    63   104   269    89   114    76
 [547]   112    96   118    80    84   279    88    98    73    96    96    99    78    64
 [561]   276    82    52    81    99    64    77   288    88    86    71    89    95    87
 [575]    75    73   320    77    82    67    81    91    92    73    69    71    68    73
 [589]    75    75    77    60    51    51    95    95    71    67    71    73    79    78
 [603]    77    56    53    58   101    95    47    50    45    49    77    55    63    59
 [617]    74    65   140    56    57    73    70    87    76   140    67    69    40    37
 [631]    33    45    53    51    55    54    51    55    67    67    65    68    70    70
 [645]    36    53    87    64    72    67    94    90    71    56    93    56    59    63
 [659]    71    76    63    64    77    79    66    73    59    63    74    77    55    61
 [673]    61    65    58    66    61    67    35    61    50    57    66    76    52    56
 [687]    69    79    60    70    65    73    48    53    49    52    69    80    71    81
 [701]    56    73    65    78    63    63    61    64    66    67    32    44    55    58
 [715]    67    72    60    60    74    75    61    69    55    58    70    73    51    56
 [729]    70    72    68    72    73    74    40    60    63    67    75    80    67    68
 [743]    80    82    71    77    63    67    77    80    60    66   503   697   467   850
 [757]   554   567   397   437   678   680   838    40    51    40    48    58    78    61
 [771]    64    68    63   482   615   837   323    84   105   110   108   559   557   424
 [785]   518   532   457   446   451    60    75    67   271   251   256   661   341   417
 [799]   381   337   725   584   347   411   345   610   799   632   909    56    65   120
 [813]    53   150    90   110   102   118   100   150    58    72    80    75    72    83
 [827]    76    73    90    70    72    83    81    72    86    67    80    81    77    92
 [841]    51    61    59    69    90    91    54    85    81   117    77    75    51    85
 [855]   111    76   661   970   706   709   831   400   372   653   516   693   618   621
 [869]   661   354   702   693   306   706   370   484   347   733   788   417   457   325
 [883]   516   653   506  1558   303   532   524   288   516   603   573   702   773   732
 [897]   637   381   740   680   301   630   778   484   381   716   685   621   690   816
 [911]   731   706   635   391   650   739   359   672   338   706   515 26000 24000  8408
 [925] 23875 24000   381   706   694  8031   653  6722  4957  3712   460  3833    50 11588
 [939]   560   672  4843   424  4152   570  6580  4186  5356   577  4392  5730  3643  1164
 [953]  1145   590   651   706   709   661   847   538   185   685   377   600   328   354
 [967]   373  2643   633   198   143   156  1615  2733   215   430  7851   501   383   231
 [981]  1778   187   166   196   366   331   420   416   565   272   406   524   387   524
 [995]   387   362   385   387   387   362
 [ reached getOption("max.print") -- omitted 6058 entries ]
> which.max(USDA$Sodium)
[1] 265
> names(USDA)
 [1] "ID"           "Description"  "Calories"     "Protein"      "TotalFat"     "Carbohydrate"
 [7] "Sodium"       "SaturatedFat" "Cholesterol"  "Sugar"        "Calcium"      "Iron"        
[13] "Potassium"    "VitaminC"     "VitaminE"     "VitaminD"    
> USDA$Decription(265)
Error: attempt to apply non-function
> USDA$Decription[265]
NULL
> USDA$Description[265]
[1] SALT,TABLE
7054 Levels: ABALONE,MIXED SPECIES,RAW ABALONE,MXD SP,CKD,FRIED ... ZWIEBACK
> HighSodium = subset(USDA, sodium > 10000)
 Show Traceback
 
 Rerun with Debug
 Error in eval(e, x, parent.frame()) : object 'sodium' not found > HighSodium = subset(USDA, Sodium > 10000)
> nrow(HighSodium)
[1] 10
> HighSodium$Description
 [1] SALT,TABLE                                             
 [2] SOUP,BF BROTH OR BOUILLON,PDR,DRY                      
 [3] SOUP,BEEF BROTH,CUBED,DRY                              
 [4] SOUP,CHICK BROTH OR BOUILLON,DRY                       
 [5] SOUP,CHICK BROTH CUBES,DRY                             
 [6] GRAVY,AU JUS,DRY                                       
 [7] ADOBO FRESCO                                           
 [8] LEAVENING AGENTS,BAKING PDR,DOUBLE-ACTING,NA AL SULFATE
 [9] LEAVENING AGENTS,BAKING SODA                           
[10] DESSERTS,RENNIN,TABLETS,UNSWTND                        
7054 Levels: ABALONE,MIXED SPECIES,RAW ABALONE,MXD SP,CKD,FRIED ... ZWIEBACK
> match("CAVIAR", USDA$Description)
[1] 4154
> USDA$Sodium[4154]
[1] 1500
> USDA$Sodium[match("CAVIAR", USDA$Description)]
[1] 1500
> summary(USDA$Sodium)
   Min. 1st Qu.  Median    Mean 3rd Qu.    Max.    NA's 
    0.0    37.0    79.0   322.1   386.0 38758.0      84 
> ad(USDA$Sodium)
Error in ad(USDA$Sodium) : could not find function "ad"
> sd(USDA$Sodium)
[1] NA
> sd(USDA$Sodium, na.rm=TRUE)
[1] 1045.417
> plot(USDA$Protein, USDA$TotalFat)
> plot(USDA$Protein, USDA$TotalFat, xlab= "Protein", ylab = "Fat")
> plot(USDA$Protein, USDA$TotalFat, xlab= "Protein", ylab = "Fat", main = "Protein vs. Fat")
> plot(USDA$Protein, USDA$TotalFat, xlab= "Protein", ylab = "Fat", main = "Protein vs. Fat", col="red")
> hist(USDA$VitaminC, xlab = "Vitamin C (mg)", main= "Vitamin C levels")
> hist(USDA$VitaminC, xlab = "Vitamin C (mg)", main= "Vitamin C levels", xlim = c(0, 100))
> hist(USDA$VitaminC, xlab = "Vitamin C (mg)", main= "Vitamin C levels", xlim = c(0, 100), breaks = 100)
> hist(USDA$VitaminC, xlab = "Vitamin C (mg)", main= "Vitamin C levels", xlim = c(0, 100), breaks = 1000)
> hist(USDA$VitaminC, xlab = "Vitamin C (mg)", main= "Vitamin C levels", xlim = c(0, 100), breaks = 100)
> hist(USDA$VitaminC, xlab = "Vitamin C (mg)", main= "Vitamin C levels", xlim = c(0, 100), breaks = 2000)
> hist(USDA$VitaminC, xlab = "Vitamin C (mg)", main= "Vitamin C levels", xlim = c(0, 60), breaks = 2000)
> hist(USDA$VitaminC, xlab = "Vitamin C (mg)", main= "Vitamin C levels", xlim = c(0, 40), breaks = 2000)
> boxplot(USDA$Sugar, main="Boxplot of Sugar Levels")
> boxplot(USDA$Sugar, main="Boxplot of Sugar Levels", yalb = "Sugar (grams)")
> boxplot(USDA$Sugar, main="Boxplot of Sugar Levels", ylab = "Sugar (grams)")